[www.sisika.fr/index.html]
[backblue.gif]
[fade.gif]
[index.html]
[www.sisika.fr/images/profilee2.jpg]
[www.sisika.fr/css/bootstrap.min.css]
[www.sisika.fr/css/font-awesome.min.css]
[www.sisika.fr/css/animate.css]
[www.sisika.fr/css/style.css]
[www.sisika.fr/manifest.json]
[www.sisika.fr/icon512.png]
[cdnjs.cloudflare.com/ajax/libs/font-awesome/6.0.0-beta3/css/all.min.css]
[www.sisika.fr/js/jquery-1.11.2.min.js]
[www.sisika.fr/js/bootstrap.min.js]
[www.sisika.fr/js/plugins.js]
[www.sisika.fr/js/axios.min.js]
[cdn.jsdelivr.net/npm/axios/dist/axios.min.js]
[www.sisika.fr/sw.js]
[www.sisika.fr/what.png]
[www.sisika.fr/index9ed2.html]
[cdn.jsdelivr.net/gh/wailSalim/sisika-images@main/serv.png]
[www.sisika.fr/indexd6cc.html]
[www.sisika.fr/indexe68f.html]
[cdn.jsdelivr.net/gh/wailSalim/sisika-images@main/landing.png]
[cdn.jsdelivr.net/gh/wailSalim/sisika-images@main/support.png]
[cdn.jsdelivr.net/gh/wailSalim/sisika-images@main/ux.png]
[cdn.jsdelivr.net/gh/wailSalim/sisika-images@main/store.png]
[cdn.jsdelivr.net/gh/wailSalim/sisika-images@main/web-design.png]
[cdn.jsdelivr.net/gh/wailSalim/sisika-images@main/team-work.png]
[cdn.jsdelivr.net/gh/wailSalim/sisika-images@main/spec.png]
[www.sisika.fr/docs/salimwailcv.pdf]
[www.sisika.fr/salimwailforbusiness@gmail.18.delayed]
[www.sisika.fr/index.html]
[www.sisika.fr/js/main.js]
[www.sisika.fr/fonts/glyphicons-halflings-regular.eot]
[www.sisika.fr/fonts/glyphicons-halflings-regulard41d.eot]
[www.sisika.fr/fonts/glyphicons-halflings-regular.woff]
[www.sisika.fr/fonts/glyphicons-halflings-regular.ttf]
[www.sisika.fr/css/bootstrap.min.css]
[www.sisika.fr/fonts/glyphicons-halflings-regular.svg]
[www.sisika.fr/fonts/fontawesome-webfont78ce.eot]
[www.sisika.fr/fonts/fontawesome-webfontd41d.eot]
[www.sisika.fr/fonts/fontawesome-webfont78ce.woff]
[www.sisika.fr/css/font-awesome.min.css]
[www.sisika.fr/css/animate.html]
[www.sisika.fr/fonts/fontawesome-webfont78ce.ttf]
[www.sisika.fr/fonts/fontawesome-webfont78ce.svg]
[www.sisika.fr/img/overlay-pattern.24.delayed]
[www.sisika.fr/img/bars.svg]
[www.sisika.fr/img/pattern_40.gif]
[www.sisika.fr/css/style.css]
[cdnjs.cloudflare.com/ajax/libs/font-awesome/6.0.0-beta3/css/all.min.css]
[www.sisika.fr/js/jquery-1.11.2.min.js]
[www.sisika.fr/Popover requires tooltip.js]
[www.sisika.fr/js/bootstrap.min.js]
[www.sisika.fr/e]
[www.sisika.fr/js/plugins.js]
[www.sisika.fr/js/axios.min.js]
[www.sisika.fr/assets]
[www.sisika.fr/images/app.png]
[www.sisika.fr/script.2b.delayed]
[cdn.jsdelivr.net/gh/amine-amazou/ns-js@1.0.1/dist/NS.min.js]
[www.sisika.fr/icon.png]
[www.sisika.fr/sw.js]
[www.sisika.fr/index9ed2.html]
[www.sisika.fr/indexe68f.html]
[www.sisika.fr/indexd6cc.html]
[www.sisika.fr/salimwailforbusiness@gmail.html]
[www.sisika.fr/images/broken-image.jpg]
[www.sisika.fr/js/main.js]
[www.sisika.fr/fonts/glyphicons-halflings-regular.svg]
[www.sisika.fr/fonts/fontawesome-webfont78ce.svg]
[www.sisika.fr/img/overlay-pattern.html]
[www.sisika.fr/img/bars.html]
[www.sisika.fr/img/pattern_40.html]
[www.sisika.fr/Popover requires tooltip.html]
[www.sisika.fr/e.html]
[www.sisika.fr/assets.html]
[www.sisika.fr/script.html]
[www.sisika.fr/images/broken-image.html]
